
Efinix Static Timing Analysis Report Summary
Date: Nov 02 2023 11:34:37

Copyright (C) 2013 - 2023 Efinix Inc. All rights reserved.

|----------------------------------------------------------------------------------------------|
|                                User target constrained clocks                                |
|----------------------------------------------------------------------------------------------|
|   Clock Name    |   Period (ns)    | Frequency (MHz)  |      Waveform      |Source Clock Name|
|----------------------------------------------------------------------------------------------|
|      f_clk      |      2.500       |     400.000      |   {0.000 1.250}    |     {f_clk}     |
|      i_clk      |      2.500       |     400.000      |   {0.000 1.250}    |     {i_clk}     |
|----------------------------------------------------------------------------------------------|


|---------------------------------------------------------------|
|          Maximum possible analyzed clocks frequency           |
|---------------------------------------------------------------|
|                                                               |
|---------------------------------------------------------------|
| Clock Name: f_clk                                             |
|---------------------------------------------------------------|
|              |   Period (ns)    | Frequency (MHz)  |   Edge   |
|---------------------------------------------------------------|
| CONGESTION_1 |      7.301       |     136.968      |  (R-R)   |
| CONGESTION_2 |      7.399       |     135.153      |  (R-R)   |
| CONGESTION_3 |      7.478       |     133.726      |  (R-R)   |
|   TIMING_1   |      7.060       |     141.643      |  (R-R)   |
|   TIMING_2   |      7.253       |     137.874      |  (R-R)   |
|   TIMING_3   |      7.002       |     142.816      |  (R-R)   |
|---------------------------------------------------------------|
|                                                               |
|---------------------------------------------------------------|
| Clock Name: i_clk                                             |
|---------------------------------------------------------------|
|              |   Period (ns)    | Frequency (MHz)  |   Edge   |
|---------------------------------------------------------------|
| CONGESTION_1 |      8.048       |     124.254      |  (R-R)   |
| CONGESTION_2 |      7.263       |     137.684      |  (R-R)   |
| CONGESTION_3 |      7.284       |     137.287      |  (R-R)   |
|   TIMING_1   |      6.682       |     149.656      |  (R-R)   |
|   TIMING_2   |      7.029       |     142.268      |  (R-R)   |
|   TIMING_3   |      7.399       |     135.153      |  (R-R)   |
|---------------------------------------------------------------|


|---------------------------------|
|     Geomean max period (ns)     |
|---------------------------------|
| CONGESTION_1 |      7.665       |
| CONGESTION_2 |      7.331       |
| CONGESTION_3 |      7.380       |
|   TIMING_1   |      6.868       |
|   TIMING_2   |      7.140       |
|   TIMING_3   |      7.198       |
|---------------------------------|

